[www.biggames.io/post/my-restaurant-superhero-update.html]
[backblue.gif]
[fade.gif]
[index.html]
[bigblog-storage.s3.us-east-1.amazonaws.com/Logo.png]
[www.biggames.io/apple-touch-icon.png]
[www.biggames.io/favicon-32x32.png]
[www.biggames.io/favicon-16x16.png]
[www.biggames.io/_next/static/css/2fbaec4cec7dfc7f.css]
[www.biggames.io/_next/static/chunks/polyfills-5cd94c89d3acac5f.js]
[www.biggames.io/_next/static/chunks/webpack-df4cf1c8d23aa877.js]
[www.biggames.io/_next/static/chunks/framework-fc97f3f1282ce3ed.js]
[www.biggames.io/_next/static/chunks/main-7f20fca650af4d2b.js]
[www.biggames.io/_next/static/chunks/pages/_app-a59e01bedc876267.js]
[www.biggames.io/_next/static/chunks/653-82e155f704d4ab73.js]
[www.biggames.io/_next/static/chunks/872-5a9c1b080030df4f.js]
[www.biggames.io/_next/static/chunks/409-c2f8edcd6c347e9e.js]
[www.biggames.io/_next/static/chunks/pages/post/[id]-bab53c605d0acbbf.js]
[www.biggames.io/_next/static/ikUJ7_tyRwMzi_bqXWV7N/_buildManifest.js]
[www.biggames.io/_next/static/ikUJ7_tyRwMzi_bqXWV7N/_ssgManifest.js]
[www.biggames.io/_next/static/ikUJ7_tyRwMzi_bqXWV7N/_middlewareManifest.js]
[www.biggames.io/post/category/pet-simulator-x.html]
[www.biggames.io/post/category/big-paintball.html]
[www.biggames.io/post/category/pet-simulator-2.html]
[www.biggames.io/post/category/build-and-survive.html]
[www.biggames.io/post/category/pet-simulator-1.html]
[www.biggames.io/post/category/other.html]
[bigblog-storage.s3.amazonaws.com/Screenshot_2023_04_21_103028_6590d70536.png]
[bigblog-storage.s3.amazonaws.com/Screenshot_2023_04_21_082329_ec45fb6218.png]
[bigblog-storage.s3.amazonaws.com/Screenshot_2023_04_21_082201_1fe311d5a0.png]
[bigblog-storage.s3.amazonaws.com/Screenshot_2023_04_21_082222_474b81a3ce.png]
[bigblog-storage.s3.amazonaws.com/Screenshot_2023_04_21_082232_f7bec52903.png]
[bigblog-storage.s3.amazonaws.com/Screenshot_2023_04_21_082243_81e3fb6f39.png]
[bigblog-storage.s3.amazonaws.com/Screenshot_2023_04_21_082735_24cee43a6a.png]
[www.biggames.io/post/my-restaurant-superhero-update.html]
[www.biggames.io/_next/static/css/2fbaec4cec7dfc7f.css]
[www.biggames.io/_next/static/chunks/pages/post/category/pet-simulator-x-daee427c531a670a.js]
[www.biggames.io/post/pet-simulator-x-diamond-mine-update.html]
[www.biggames.io/post/pet-simulator-x-easter-event.html]
[www.biggames.io/post/pet-simulator-x-april-fools-event.html]
[www.biggames.io/post/pet-simulator-x-hologram-update.html]
[www.biggames.io/post/pet-simulator-x-kawaii-update.html]
[www.biggames.io/post/pet-simulator-x-st-patricks-event.html]
[www.biggames.io/post/pet-simulator-x-comet-update.html]
[www.biggames.io/post/pet-simulator-x-trading-update.html]
[www.biggames.io/post/pet-simulator-x-daycare-update.html]
[www.biggames.io/post/category/pet-simulator-x.html]
[www.biggames.io/post/pet-simulator-x-valentines-event.html]
[www.biggames.io/_next/static/chunks/pages/post/category/big-paintball-ce6a905f7e3496c5.js]
[www.biggames.io/post/big-paintball-update-4.html]
[www.biggames.io/post/big-paintball-update-3.html]
[www.biggames.io/post/big-paintball-update-2.html]
[www.biggames.io/post/category/big-paintball.html]
[www.biggames.io/post/big-paintball-update-1.html]
[www.biggames.io/_next/static/chunks/pages/post/category/pet-simulator-2-28150ce0e6baa417.js]
[www.biggames.io/post/pet-simulator-2-update-4.html]
[www.biggames.io/post/pet-simulator-2-update-3.html]
[www.biggames.io/post/pet-simulator-2-update-2.html]
[www.biggames.io/post/pet-simulator-2-update-1.html]
[www.biggames.io/post/the-worlds-of-pet-simulator-2.html]
[www.biggames.io/post/category/pet-simulator-2.html]
[www.biggames.io/post/pets-pets-and-more-pets.html]
[www.biggames.io/_next/static/chunks/pages/post/category/build-and-survive-3fe2837f2fee3308.js]
[www.biggames.io/post/build-and-survive-update-2.html]
[www.biggames.io/post/category/build-and-survive.html]
[www.biggames.io/post/build-and-survive-update-1.html]
[www.biggames.io/_next/static/chunks/pages/post/category/pet-simulator-1-8e570a462e35fc0b.js]
[www.biggames.io/post/pet-simulator-update-15-final.html]
[www.biggames.io/post/pet-simulator-update-14.html]
[www.biggames.io/post/pet-simulator-update-13.html]
[www.biggames.io/post/pet-simulator-update-12.html]
[www.biggames.io/post/pet-simulator-update-11.html]
[www.biggames.io/post/pet-simulator-update-10.html]
[www.biggames.io/post/pet-simulator-update-9.html]
[www.biggames.io/post/pet-simulator-update-8.html]
[www.biggames.io/post/pet-simulator-update-7.html]
[www.biggames.io/post/category/pet-simulator-1.html]
[www.biggames.io/post/pet-simulator-update-6.html]
[www.biggames.io/post/category/other.html]
[www.biggames.io/_next/static/chunks/pages/post/category/other-c9ad13b77ebae124.js]
[bigblog-storage.s3.amazonaws.com/O1_RD_2ox_I_39331d00e2.png]
[bigblog-storage.s3.amazonaws.com/UPL_Oed_Cl_100c0d070b.png]
[bigblog-storage.s3.amazonaws.com/OALW_7_W_Gk_83a9002118.png]
[bigblog-storage.s3.amazonaws.com/ndt_Qzkan_6e4a51a3e1.png]
[bigblog-storage.s3.amazonaws.com/image_803bcf1861.png]
[bigblog-storage.s3.amazonaws.com/Z2uko_Gbk_bc8a7ce69d.png]
[bigblog-storage.s3.amazonaws.com/Kso_Dw_Jcf_ed93d80725.png]
[bigblog-storage.s3.amazonaws.com/j7_RL_6_U_Ar_066b5e10b1.png]
[bigblog-storage.s3.amazonaws.com/m_DI_9r_G_Eb_98f6c9d4bb.png]
[bigblog-storage.s3.amazonaws.com/Xay_Z_Ja5t_932547a1d1.png]
[bigblog-storage.s3.amazonaws.com/Df_Szbf_Yr_da37c07872.png]
[bigblog-storage.s3.amazonaws.com/b1_P_Ush5_Y_d0fedba383.png]
[www.biggames.io/post/pet-simulator-x-diamond-mine-update.html]
[bigblog-storage.s3.amazonaws.com/Q81du_R_Hf_a3a97621ee.png]
[bigblog-storage.s3.amazonaws.com/W6_Rp_P2fj_b323861344.png]
[bigblog-storage.s3.amazonaws.com/Dgk_Kwd_W4_8e6ac01b4f.png]
[bigblog-storage.s3.amazonaws.com/coin_easter_icon_f2649c2759.png]
[bigblog-storage.s3.amazonaws.com/x_J_Pnj_G5i_35ecdca176.png]
[bigblog-storage.s3.amazonaws.com/1_By_R_Ay_Th_3220e1ec64.png]
[bigblog-storage.s3.amazonaws.com/wkys_Ht_Jf_5635b0637a.png]
[bigblog-storage.s3.amazonaws.com/0x1_H0z_J1_3865c3c2e0.png]
[bigblog-storage.s3.amazonaws.com/0_Sjh_Fu79_531d5a74f3.png]
[bigblog-storage.s3.amazonaws.com/MAIIR_1l1_400010a8fe.png]
[bigblog-storage.s3.amazonaws.com/a_Sgw_G54k_0c54449f1a.png]
[bigblog-storage.s3.amazonaws.com/66_Z_Drru_H_1ba6e6a806.png]
[bigblog-storage.s3.amazonaws.com/w_Yv_Dtl87_2804abfcdf.png]
[bigblog-storage.s3.amazonaws.com/D_Hlg_O1i_W_32bd02d319.png]
[bigblog-storage.s3.amazonaws.com/Wf_D1_X_Wvw_0d8bcf1a63.png]
[bigblog-storage.s3.amazonaws.com/a2q_Nab_S1_bc2f55d80a.png]
[www.biggames.io/post/pet-simulator-x-easter-event.html]
[bigblog-storage.s3.amazonaws.com/Kx_KO_Ch_W3_e73044f081.png]
[bigblog-storage.s3.amazonaws.com/April_PS_1_6ccff783ab.png]
[bigblog-storage.s3.amazonaws.com/xe_Zqn_L_Zh_4c86b559da.png]
[bigblog-storage.s3.amazonaws.com/f_Oa_Fnc_Lg_9dacea4755.png]
[bigblog-storage.s3.amazonaws.com/EO_5a_VZIG_782d02fcd9.png]
[bigblog-storage.s3.amazonaws.com/Hd_HP_Bux_P_9fbe121007.png]
[bigblog-storage.s3.amazonaws.com/K_Om67t_Tj_e7f565ae37.png]
[bigblog-storage.s3.amazonaws.com/JC_Gvj_N2n_b881cb217a.png]
[bigblog-storage.s3.amazonaws.com/Fruit_621b5732fd.png]
[bigblog-storage.s3.amazonaws.com/u23_X54e_Ar_97066d0378.png]
[bigblog-storage.s3.amazonaws.com/p_ZB_46_JXA_8570e1f115.png]
[bigblog-storage.s3.amazonaws.com/Frm_N074v_cd5111dce7.png]
[bigblog-storage.s3.amazonaws.com/v_RQ_Tfn56_812fa22360.png]
[bigblog-storage.s3.amazonaws.com/P6_JI_Kaw_O_7ed1433764.png]
[bigblog-storage.s3.amazonaws.com/April_Fan_Art_ef7eed9ef2.png]
[www.biggames.io/post/pet-simulator-x-april-fools-event.html]
[bigblog-storage.s3.amazonaws.com/jwk0b_J4_J_d09c669821.png]
[bigblog-storage.s3.amazonaws.com/g_Mz_M2_Vh_F_b4cbeb8899.png]
[bigblog-storage.s3.amazonaws.com/6m_T9ei_Fm_238a31a171.png]
[bigblog-storage.s3.amazonaws.com/2g_O_Nt_Pj_G_2cf306929b.png]
[bigblog-storage.s3.amazonaws.com/9_Z6_Qs_VA_5_53504f20aa.png]
[bigblog-storage.s3.amazonaws.com/i_Zv32gz_O_202d006fe2.png]
[bigblog-storage.s3.amazonaws.com/GDA_68pr_J_836f30d9a3.png]
[bigblog-storage.s3.amazonaws.com/v_L_Qz7p0t_14c70e3cdf.png]
[bigblog-storage.s3.amazonaws.com/c_G9mc_M_Ya_89a3dc6bfd.png]
[bigblog-storage.s3.amazonaws.com/bo_PCZ_Sk1_c2d285eed8.png]
[bigblog-storage.s3.amazonaws.com/u_MX_2c_M_Si_56800e5f91.png]
[www.biggames.io/post/pet-simulator-x-hologram-update.html]
[bigblog-storage.s3.amazonaws.com/1_8606327ea0.png]
[bigblog-storage.s3.amazonaws.com/1b_00b552a9ea.png]
[bigblog-storage.s3.amazonaws.com/2_39b4bc0bb4.png]
[bigblog-storage.s3.amazonaws.com/3_c98bd7d47d.png]
[bigblog-storage.s3.amazonaws.com/4_29199c4272.png]
[bigblog-storage.s3.amazonaws.com/5_a3b451bb39.png]
[www.biggames.io/post/pet-simulator-x-kawaii-update.html]
[bigblog-storage.s3.amazonaws.com/1_899de2b9cc.png]
[bigblog-storage.s3.amazonaws.com/2_60a98d30e0.png]
[bigblog-storage.s3.amazonaws.com/3_a9756e0e30.png]
[bigblog-storage.s3.amazonaws.com/4_071d64d978.png]
[bigblog-storage.s3.amazonaws.com/6_a9c3cc5854.png]
[bigblog-storage.s3.amazonaws.com/5_e7d7eb45d3.png]
[bigblog-storage.s3.amazonaws.com/7_64e74096b4.png]
[bigblog-storage.s3.amazonaws.com/8_604354b4de.png]
[bigblog-storage.s3.amazonaws.com/8b_563c8df820.png]
[bigblog-storage.s3.amazonaws.com/9_5fa5ffbaa5.png]
[bigblog-storage.s3.amazonaws.com/10_dee0c35dfc.png]
[bigblog-storage.s3.amazonaws.com/11_d15a699c96.png]
[www.biggames.io/post/pet-simulator-x-st-patricks-event.html]
[bigblog-storage.s3.amazonaws.com/ezgif_4_fc36df688f_c9e7b1e3fb.gif]
[bigblog-storage.s3.amazonaws.com/Cw_J8_Y8jz_fbcef8eb70.png]
[bigblog-storage.s3.amazonaws.com/1i987u_L0_ff1ffe7a05.png]
[bigblog-storage.s3.amazonaws.com/und5t_Ahe_c1cdfd9161.png]
[bigblog-storage.s3.amazonaws.com/b_J_Dqh11_Q_a8faf3083a.png]
[bigblog-storage.s3.amazonaws.com/Fanart_3x3_5fa399f925.png]
[bigblog-storage.s3.amazonaws.com/v_Gy_T4c58_d9d22840a6.png]
[bigblog-storage.s3.amazonaws.com/ezgif_4_5c0b5b0c78_273d382105.gif]
[bigblog-storage.s3.amazonaws.com/TAD_c3c5fe0247.png]
[www.biggames.io/post/pet-simulator-x-comet-update.html]
[bigblog-storage.s3.amazonaws.com/AO_1umda_P_2dfaf13adf.png]
[bigblog-storage.s3.amazonaws.com/kt_X_Fl2_Wk_3c1c912bed.png]
[bigblog-storage.s3.amazonaws.com/h_JF_Gl_DWP_3a817f674d.png]
[bigblog-storage.s3.amazonaws.com/tz_Ve_Zubh_0bc385f9a7.png]
[bigblog-storage.s3.amazonaws.com/C_Xp_Q_Cvhq_862187426d.png]
[bigblog-storage.s3.amazonaws.com/Fb_Ac_WUHI_f556ff7aaf.png]
[bigblog-storage.s3.amazonaws.com/jbxn_R_Sjw_55f87e8b65.png]
[bigblog-storage.s3.amazonaws.com/VR_Oih_F_Hb_27991403e5.png]
[www.biggames.io/post/pet-simulator-x-trading-update.html]
[bigblog-storage.s3.amazonaws.com/8_Q_Wodpmz_7d282b77ff.png]
[bigblog-storage.s3.amazonaws.com/J_Pk0_O96v_c5d92e8d30.png]
[bigblog-storage.s3.amazonaws.com/j_Qm_Gd6nu_cab9256acf.png]
[bigblog-storage.s3.amazonaws.com/3s20hz_Vt_818dfaa070.png]
[bigblog-storage.s3.amazonaws.com/Got_Z_Qmh5_ad87b61926.png]
[bigblog-storage.s3.amazonaws.com/i_Nw_Shv9_U_13e641c22a.png]
[bigblog-storage.s3.amazonaws.com/MJFW_Tvkq_1fce18f0f5.png]
[bigblog-storage.s3.amazonaws.com/h2_U59_ISB_8565b27686.png]
[bigblog-storage.s3.amazonaws.com/p_Lfw_Bawv_89a3c104be.png]
[bigblog-storage.s3.amazonaws.com/Y_Qy_J_Wdce_37e543610f.png]
[bigblog-storage.s3.amazonaws.com/to_Hjb0ps_e65cd29764.png]
[www.biggames.io/post/pet-simulator-x-daycare-update.html]
[bigblog-storage.s3.amazonaws.com/Uq_RH_2_I5u_c97499977b.png]
[bigblog-storage.s3.amazonaws.com/6ep_Wd_LNM_6afa182ffe.png]
[bigblog-storage.s3.amazonaws.com/w7_Yce_YZY_7abe01a4b2.png]
[bigblog-storage.s3.amazonaws.com/coin_valentine_icon_hi_res_bae5868c78.png]
[bigblog-storage.s3.amazonaws.com/yt1_FI_Zj_N_ddeff2281f.png]
[bigblog-storage.s3.amazonaws.com/k06_Jt_Ord_26f682a9c5.png]
[bigblog-storage.s3.amazonaws.com/kt1_Iu_R_Xh_af4360c870.png]
[bigblog-storage.s3.amazonaws.com/d_M_Mes_Fus_c72ed4111a.png]
[bigblog-storage.s3.amazonaws.com/dyt2wv9_G_dd5704d883.png]
[bigblog-storage.s3.amazonaws.com/ezgif_com_optimize_d8ea959608.gif]
[bigblog-storage.s3.amazonaws.com/ezgif_com_gif_maker_52_feac730ced.gif]
[bigblog-storage.s3.amazonaws.com/ezgif_com_gif_maker_53_47269381c1.gif]
[bigblog-storage.s3.amazonaws.com/XT_3x_Q2kg_77e15d4002.png]
[www.biggames.io/post/pet-simulator-x-valentines-event.html]
[bigblog-storage.s3.amazonaws.com/81ec46_51e3362ff1024fc098c38de63c63ad33_mv2_2ce18af44e.png]
[bigblog-storage.s3.amazonaws.com/81ec46_a7ea4f704f6b485d8d1e3640a950c92e_mv2_33600c4e79.png]
[bigblog-storage.s3.amazonaws.com/81ec46_2aa9c46550444a84b6f960aec78024ff_mv2_d1060c710b.png]
[bigblog-storage.s3.amazonaws.com/81ec46_e39316a4f83545fba2a71056a15eac22_mv2_06ca8ca0b6.png]
[bigblog-storage.s3.amazonaws.com/81ec46_9df4825c8b344383a3eb8518fc6386ca_mv2_b74f70d87a.png]
[bigblog-storage.s3.amazonaws.com/81ec46_96822e31f77640ef919eb74d8f326444_mv2_9f7d1d85e8.png]
[www.biggames.io/post/big-paintball-update-4.html]
[bigblog-storage.s3.amazonaws.com/4d34f5_a14180e42fdb407c9901d4ad1b9f5062_mv2_7f9be41956.png]
[bigblog-storage.s3.amazonaws.com/4d34f5_095da51c1fcc4803b403ab2585e3c5d0_mv2_9b859a748a.png]
[bigblog-storage.s3.amazonaws.com/4d34f5_f9b9a141a9004b8c8491bc8bfdab33ca_mv2_9ee5a2b51e.png]
[bigblog-storage.s3.amazonaws.com/4d34f5_ec24016bd07f4ddaa1ce09d427b21703_mv2_cbd953f54b.png]
[bigblog-storage.s3.amazonaws.com/4d34f5_4e8dbb9357264794961ccb021c577c1c_mv2_4c250fe075.png]
[www.biggames.io/post/big-paintball-update-3.html]
[bigblog-storage.s3.amazonaws.com/4d34f5_f90d955cbc57417796830483486f42b9_mv2_7cc1140b53.png]
[bigblog-storage.s3.amazonaws.com/4d34f5_5bc4aaa459b4405fb1c2aaef697906a6_mv2_9007c6ec9d.png]
[bigblog-storage.s3.amazonaws.com/4d34f5_0cac2447bb34478c9868bb77c7b766b3_mv2_e04a0f3bf2.png]
[bigblog-storage.s3.amazonaws.com/4d34f5_87ea49381d944362b0e077306fb58fe2_mv2_a273cb75d4.png]
[www.biggames.io/post/big-paintball-update-2.html]
[bigblog-storage.s3.amazonaws.com/4d34f5_7b8e0d36deb64b6ea7f4ea01fe7a8b45_mv2_b9ea01a2bc.png]
[bigblog-storage.s3.amazonaws.com/4d34f5_28e6021a63cf4792b7f74f84988ef248_mv2_65360874b2.png]
[bigblog-storage.s3.amazonaws.com/4d34f5_1a8ed6dd6e4e40b9a167823581e17f04_mv2_78293685f2.png]
[www.biggames.io/post/big-paintball-update-1.html]
[bigblog-storage.s3.amazonaws.com/81ec46_c248534fe65e4ea19f4feeb52e142498_mv2_8178338fff.png]
[bigblog-storage.s3.amazonaws.com/81ec46_37638374cfcf4c05903e2b354d54bcd9_mv2_ac84222752.jpg]
[bigblog-storage.s3.amazonaws.com/81ec46_f5444cb98046467bbc808a3e29a61192_mv2_44e26c05ae.png]
[bigblog-storage.s3.amazonaws.com/81ec46_d46dc6d8f6f34feaa5e3f27c9dc531be_mv2_aef4051ef4.jpg]
[bigblog-storage.s3.amazonaws.com/81ec46_87f5229a9d97440fb4189d1b933bb52f_mv2_6371218971.gif]
[www.biggames.io/post/pet-simulator-2-update-4.html]
[bigblog-storage.s3.amazonaws.com/81ec46_9d0184633e97418cbedf1ab01fc3aa31_mv2_ccaca8cb91.png]
[bigblog-storage.s3.amazonaws.com/81ec46_b4f0f15ec85440ec8a4b725670be1a90_mv2_19429ba26d.png]
[bigblog-storage.s3.amazonaws.com/81ec46_243f0c64218d40248099d2956968df8b_mv2_d31771900b.png]
[www.biggames.io/post/pet-simulator-2-update-3.html]
[bigblog-storage.s3.amazonaws.com/81ec46_e56910046d7b45b5b65e27f28f387b4a_mv2_e23e1d557f.png]
[bigblog-storage.s3.amazonaws.com/a27d24_3a3c2303d3f6446da8355c445bc6abd1_mv2_1bb3728abe.jpg]
[bigblog-storage.s3.amazonaws.com/81ec46_d1d9821ef53c4847a3bee5c2a24a48dc_mv2_d481d846ba.png]
[www.biggames.io/post/pet-simulator-2-update-2.html]
[bigblog-storage.s3.amazonaws.com/81ec46_513d542f0b624ee584ea7b691146ed94_mv2_2b66d7c8a6.png]
[bigblog-storage.s3.amazonaws.com/81ec46_019b50579349494b9fe5e100566d35c4_mv2_63065a57ca.png]
[bigblog-storage.s3.amazonaws.com/81ec46_39c9fe15396444cc9c5b093e9c52714d_mv2_f06997d7bc.png]
[bigblog-storage.s3.amazonaws.com/81ec46_105c1a8c607f4ddaa352a14e0883f65b_mv2_3bc98dd35d.png]
[bigblog-storage.s3.amazonaws.com/81ec46_06e73450a39a41c4b3eb539fae5f93fc_mv2_4c9688e541.png]
[www.biggames.io/post/pet-simulator-2-update-1.html]
[bigblog-storage.s3.amazonaws.com/81ec46_09deaa3bd6014780ae1e81338a571e2f_mv2_58705c2783.png]
[bigblog-storage.s3.amazonaws.com/81ec46_15860a64cb8149ae8de2352bc34d559d_mv2_823731e005.png]
[bigblog-storage.s3.amazonaws.com/81ec46_7b5e4b81b1f3448399b71d46c5bde89e_mv2_ed2781f3f4.png]
[bigblog-storage.s3.amazonaws.com/81ec46_6f4fa27a27d74c1eba0ed5575fb92b95_mv2_9ea95e0ecd.png]
[bigblog-storage.s3.amazonaws.com/81ec46_b71d2a1092654fa38176ac99bcbea1d7_mv2_f495568515.png]
[bigblog-storage.s3.amazonaws.com/81ec46_27f4ae452967405a82819ba12d87fee5_mv2_92e0a1f300.png]
[bigblog-storage.s3.amazonaws.com/81ec46_f0aeda7a01ea4099b1dcb05375bc6947_mv2_e89ac8e7c8.png]
[www.biggames.io/post/the-worlds-of-pet-simulator-2.html]
[bigblog-storage.s3.amazonaws.com/81ec46_39156d93903b4b85b85324d33e9698b9_mv2_e1a661704c.png]
[bigblog-storage.s3.amazonaws.com/81ec46_7fa468286073419a89fb094724d67f93_mv2_7a3627853e.png]
[bigblog-storage.s3.amazonaws.com/81ec46_72f9a6207a564c1089a4c7377c073697_mv2_d_1600_1200_s_2_8eb6f8f8d0.png]
[bigblog-storage.s3.amazonaws.com/81ec46_9fce88b862fa4fc883352d69c22c2934_mv2_1e55a76b4a.png]
[bigblog-storage.s3.amazonaws.com/81ec46_aa9997dbd32b47a489139fec062287b5_mv2_892687ddcf.png]
[bigblog-storage.s3.amazonaws.com/81ec46_99895b5d7a0848548fa4e4655080798b_mv2_d4bd928fa5.png]
[bigblog-storage.s3.amazonaws.com/81ec46_e8169a2148c84208a146858b2e931606_mv2_287eb3642c.gif]
[www.biggames.io/post/pets-pets-and-more-pets.html]
[www.biggames.io/post/build-and-survive-update-2.html]
[www.biggames.io/post/build-and-survive-update-1.html]
[bigblog-storage.s3.amazonaws.com/81ec46_b499b97d3c2e45cda508892f2cd00b78_mv2_c23dba03ca.gif]
[www.biggames.io/post/pet-simulator-update-15-final.html]
[bigblog-storage.s3.amazonaws.com/81ec46_59cb3e68f6534186b729a10e6a1ae0e0_mv2_3935b3eb2a.png]
[bigblog-storage.s3.amazonaws.com/81ec46_e14b39a2109545b5a73bac0dbfa6d3bd_mv2_a07ec40b7c.png]
[www.biggames.io/post/pet-simulator-update-14.html]
[bigblog-storage.s3.amazonaws.com/81ec46_4cafa80e9c06434cb00868fc50445a00_mv2_b3618d6cd7.jpg]
[bigblog-storage.s3.amazonaws.com/81ec46_a74a69819b2042eeb92bc3f9f7c5f772_mv2_2b49d36a14.jpg]
[www.biggames.io/post/pet-simulator-update-13.html]
[bigblog-storage.s3.amazonaws.com/81ec46_d206a845df0f4f3a830df3423cd14283_mv2_73d84e2d90.gif]
[bigblog-storage.s3.amazonaws.com/81ec46_706c11d4a27d48209f6037139c1ddecf_mv2_045c4a1014.png]
[bigblog-storage.s3.amazonaws.com/81ec46_b6539fd5961348209ceb6e75d4e46136_mv2_d50e3d1061.png]
[www.biggames.io/post/pet-simulator-update-12.html]
[bigblog-storage.s3.amazonaws.com/81ec46_22f2f9d92cda4badb28ab885b315c756_mv2_eb1eb398ab.png]
[bigblog-storage.s3.amazonaws.com/81ec46_bc513c287af14b4eb7ff735401525aed_mv2_15abd31918.png]
[bigblog-storage.s3.amazonaws.com/81ec46_e20d949dca7a4ae589617ac6a2f24709_mv2_b33454e160.png]
[www.biggames.io/post/pet-simulator-update-11.html]
[bigblog-storage.s3.amazonaws.com/81ec46_d8273550e6e14c6c979a8f48d921832e_mv2_1dbebbf757.jpg]
[bigblog-storage.s3.amazonaws.com/81ec46_8b57b6b6b6104c469298669692b1b234_mv2_f08a7438d5.png]
[bigblog-storage.s3.amazonaws.com/81ec46_f4049be103f1461e9b52050a5eec13bb_mv2_3674e14b3c.png]
[www.biggames.io/post/pet-simulator-update-10.html]
[bigblog-storage.s3.amazonaws.com/81ec46_97636d817481494487db7ce6d303d22c_mv2_581f48ad84.jpg]
[bigblog-storage.s3.amazonaws.com/81ec46_587faebe2da64ebea94ce24c8aff333d_mv2_5ea5c7ac46.png]
[bigblog-storage.s3.amazonaws.com/81ec46_cf2dcbdff99144419d3ed51077dabbbf_mv2_76ee403e61.png]
[www.biggames.io/post/pet-simulator-update-9.html]
[www.biggames.io/post/pet-simulator-update-8.html]
[www.biggames.io/post/pet-simulator-update-7.html]
[www.biggames.io/post/pet-simulator-update-6.html]
